// Jest Snapshot v1, https://goo.gl/fbAQLP

exports[`Pruebas en el SideBar debe de mostrarse correctamente 1`] = `
<aside
  className="journal_side-bar"
>
  <div
    className="journal_side-navbar"
  >
    <h3
      className="mt-5"
    >
      <i
        className="far fa-moon"
      />
      <span>
         
        Jose Enrique
         
      </span>
    </h3>
    <button
      className="btn"
      onClick={[Function]}
    >
      Cerrar Sesi√≥n
    </button>
  </div>
  <div
    className="journal_new-entry"
    onClick={[Function]}
  >
    <i
      className="far fa-calendar-plus fa-5x"
    />
    <p
      className="mt-5"
    >
      Nueva entrada
    </p>
  </div>
  <div
    className="journal__entries animate__animated animate__backInLeft "
  />
</aside>
`;
